★ eas-cli@16.28.0 is now available.
To upgrade, run:
npm install -g eas-cli
Proceeding with outdated version.

(node:14736) [DEP0040] DeprecationWarning: The `punycode` module is deprecated. Please use a userland alternative instead.
(Use `node --trace-deprecation ...` to show where the warning was created)
Resolved "development" environment for the build. Learn more: https://docs.expo.dev/eas/environment-variables/#setting-the-environment-for-your-builds
No environment variables with visibility "Plain text" and "Sensitive" found for the "development" environment on EAS.

Specified value for "ios.bundleIdentifier" in app.json is ignored because an ios directory was detected in the project.
EAS Build will use the value found in the native code.
ios.buildNumber field in app config is ignored when version source is set to remote, but this value will still be in the manifest available via expo-constants. It's recommended to remove this value from app config.
✔ Using remote iOS credentials (Expo server)

If you provide your Apple account credentials we will be able to generate all necessary build credentials and fully validate them.
This is optional, but without Apple account access you will need to provide all the missing values manually and we can only run minimal validation on them.
[?25l[2K[1G[36m?[39m [1mDo you want to log in to your Apple account?[22m [90m›[39m [90m(Y/n)[39m[2K[1G[2K[1G[32m✔[39m [1mDo you want to log in to your Apple account?[22m [90m…[39m yes
[?25h
› Log in to your Apple Developer account to continue
[2K[1G[36m?[39m [1mApple ID:[22m [90m›[39m [90mtyrelle@ragestate.com[39m78[2K[1G[2K[1G[32m✔[39m [1mApple ID:[22m [90m…[39m tyrelle@ragestate.com78
[?25h› Restoring session /Users/tyrelle/.app-store/auth/tyrelle@ragestate.com/cookie
› Team RAGESTATE LLC (HCH4289654)
› Provider RAGESTATE LLC (126383317)
✔ Logged in Local session
⠋ Linking bundle identifier com.tyrelle.ragestateapp⠙ Linking bundle identifier com.tyrelle.ragestateapp⠹ Linking bundle identifier com.tyrelle.ragestateapp✔ Bundle identifier registered com.tyrelle.ragestateapp
⠋ Syncing capabilities⠙ Syncing capabilities✔ Synced capabilities: No updates
⠋ Syncing capabilities identifiers⠙ Syncing capabilities identifiers⠹ Syncing capabilities identifiers⠸ Syncing capabilities identifiers✔ Synced capability identifiers: Linked: merchant.com.tyrelle.ragestate-beta
⠋ Fetching Apple distribution certificates✔ Fetched Apple distribution certificates
⠋ Fetching Apple provisioning profiles⠙ Fetching Apple provisioning profiles⠹ Fetching Apple provisioning profiles⠸ Fetching Apple provisioning profiles⠼ Fetching Apple provisioning profiles⠴ Fetching Apple provisioning profiles⠦ Fetching Apple provisioning profiles⠧ Fetching Apple provisioning profiles✔ Fetched Apple provisioning profiles
Provisioning profile (id: 56R5ZX4ASF) is no longer valid
[?25l[2K[1G[36m?[39m [1mSelect devices for the ad hoc build:[22m [90m›[39m [90m- Space to select. Return to submit[39m 
[32m◉[39m   [36m[4m00008150-000919CE2692401C (iPhone) (created at: 2026-01-11T23:02:33.350Z)[39m[24m[90m[39m[2K[1G[32m✔[39m [1mSelect devices for the ad hoc build:[22m [90m›[39m 00008150-000919CE2692401C (iPhone) (created at: 2026-01-11T23:02:33.350Z)
[?25h⠋ Handling Apple ad hoc provisioning profiles⠙ Handling Apple ad hoc provisioning profiles⠹ Handling Apple ad hoc provisioning profiles⠸ Handling Apple ad hoc provisioning profiles⠼ Handling Apple ad hoc provisioning profiles⠴ Handling Apple ad hoc provisioning profiles⠦ Handling Apple ad hoc provisioning profiles⠧ Handling Apple ad hoc provisioning profiles⠇ Handling Apple ad hoc provisioning profiles⠏ Handling Apple ad hoc provisioning profiles⠋ Handling Apple ad hoc provisioning profiles⠙ Handling Apple ad hoc provisioning profiles⠹ Handling Apple ad hoc provisioning profiles⠸ Handling Apple ad hoc provisioning profiles⠼ Handling Apple ad hoc provisioning profiles⠴ Handling Apple ad hoc provisioning profiles⠦ Handling Apple ad hoc provisioning profiles⠧ Handling Apple ad hoc provisioning profiles⠇ Handling Apple ad hoc provisioning profiles⠏ Handling Apple ad hoc provisioning profiles⠋ Handling Apple ad hoc provisioning profiles⠙ Handling Apple ad hoc provisioning profiles✔ Updated existing profile: *[expo] com.tyrelle.ragestateapp AdHoc 1768171427286

Project Credentials Configuration

Project                   @tyrelle/ragestate-app
Bundle Identifier         com.tyrelle.ragestateapp
                          
Ad Hoc Configuration      
                          
Distribution Certificate  
Serial Number             6003561A6320EBBDC9B27CAD705B3811
Expiration Date           Tue, 03 Feb 2026 18:31:35 PST
Apple Team                HCH4289654 (Tyrelle Adams (Individual))
Updated                   11 months ago
                          
Provisioning Profile      
Developer Portal ID       56R5ZX4ASF
Status                    active
Expiration                Tue, 03 Feb 2026 18:31:35 PST
Apple Team                HCH4289654 (Tyrelle Adams (Individual))
Provisioned devices       - iPhone (UDID: 00008150-000919CE2692401C)
Updated                   0 second ago
                          
All credentials are ready to build @tyrelle/ragestate-app (com.tyrelle.ragestateapp)

✔ Push Notifications setup for ragestate-app: com.tyrelle.ragestateapp
⠋ Compressing project files⠙ Compressing project files⠹ Compressing project files⠸ Compressing project files⠼ Compressing project files⠴ Compressing project files⠦ Compressing project files⠧ Compressing project files⠇ Compressing project files⠏ Compressing project files⠋ Compressing project files⠙ Compressing project files⠹ Compressing project files⠸ Compressing project files⠼ Compressing project files⠴ Compressing project files⠦ Compressing project files⠧ Compressing project files⠇ Compressing project files✔ Compressed project files 2s (49.5 MB)
⠋ Computing project fingerprint⠙ Computing project fingerprint⠹ Computing project fingerprint⠸ Computing project fingerprint⠼ Computing project fingerprint⠴ Computing project fingerprint⠦ Computing project fingerprint⠧ Computing project fingerprint⠇ Computing project fingerprint⠏ Computing project fingerprint⠋ Computing project fingerprint⠙ Computing project fingerprint⠹ Computing project fingerprint⠸ Computing project fingerprint⠼ Computing project fingerprint⠴ Computing project fingerprint⠦ Computing project fingerprint⠧ Computing project fingerprint⠇ Computing project fingerprint⠏ Computing project fingerprint✔ Computed project fingerprint
(node:15287) [DEP0040] DeprecationWarning: The `punycode` module is deprecated. Please use a userland alternative instead.
(Use `node --trace-deprecation ...` to show where the warning was created)
Fastlane is not available, make sure it's installed and in your PATH
spawn fastlane ENOENT
npx -y eas-cli-local-build-plugin@1.0.171 eyJqb2IiOnsidHlwZSI6ImdlbmVyaWMiLCJwbGF0Zm9ybSI6ImlvcyIsInByb2plY3RBcmNoaXZlIjp7InR5cGUiOiJQQVRIIiwicGF0aCI6Ii92YXIvZm9sZGVycy83dC8wX3MzZ3ZqMTExYjRubDMxcnloY3RmMTAwMDAwZ24vVC9lYXMtY2xpLW5vZGVqcy80OGI4MjdiZS0wMmI5LTRmZDItOTRhNi0wN2NlM2RlODFkYWYudGFyLmd6In0sInByb2plY3RSb290RGlyZWN0b3J5IjoiLiIsImJ1aWxkZXJFbnZpcm9ubWVudCI6e30sImNhY2hlIjp7ImRpc2FibGVkIjpmYWxzZSwicGF0aHMiOltdLCJjbGVhciI6ZmFsc2V9LCJzZWNyZXRzIjp7ImJ1aWxkQ3JlZGVudGlhbHMiOnsiUkFHRVNUQVRFIjp7InByb3Zpc2lvbmluZ1Byb2ZpbGVCYXNlNjQiOiJNSUl5T3dZSktvWklodmNOQVFjQ29JSXlMRENDTWlnQ0FRRXhDekFKQmdVckRnTUNHZ1VBTUlJaVNBWUpLb1pJaHZjTkFRY0JvSUlpT1FTQ0lqVThQM2h0YkNCMlpYSnphVzl1UFNJeExqQWlJR1Z1WTI5a2FXNW5QU0pWVkVZdE9DSS9QZ284SVVSUFExUlpVRVVnY0d4cGMzUWdVRlZDVEVsRElDSXRMeTlCY0hCc1pTOHZSRlJFSUZCTVNWTlVJREV1TUM4dlJVNGlJQ0pvZEhSd09pOHZkM2QzTG1Gd2NHeGxMbU52YlM5RVZFUnpMMUJ5YjNCbGNuUjVUR2x6ZEMweExqQXVaSFJrSWo0S1BIQnNhWE4wSUhabGNuTnBiMjQ5SWpFdU1DSStDanhrYVdOMFBnb0pQR3RsZVQ1QmNIQkpSRTVoYldVOEwydGxlVDRLQ1R4emRISnBibWMrZEhseVpXeHNaWEpoWjJWemRHRjBaV0Z3Y0NBeE5tWmlaR0ppWW1VM1lUaG1NekJoTmpnd1ptUmpOamczWVRjM01HWXdNRHd2YzNSeWFXNW5QZ29KUEd0bGVUNUJjSEJzYVdOaGRHbHZia2xrWlc1MGFXWnBaWEpRY21WbWFYZzhMMnRsZVQ0S0NUeGhjbkpoZVQ0S0NUeHpkSEpwYm1jK1NFTklOREk0T1RZMU5Ed3ZjM1J5YVc1blBnb0pQQzloY25KaGVUNEtDVHhyWlhrK1EzSmxZWFJwYjI1RVlYUmxQQzlyWlhrK0NnazhaR0YwWlQ0eU1ESTJMVEF4TFRFM1ZEQXdPakV3T2pJMFdqd3ZaR0YwWlQ0S0NUeHJaWGsrVUd4aGRHWnZjbTA4TDJ0bGVUNEtDVHhoY25KaGVUNEtDUWs4YzNSeWFXNW5QbWxQVXp3dmMzUnlhVzVuUGdvSkNUeHpkSEpwYm1jK2VISlBVend2YzNSeWFXNW5QZ29KQ1R4emRISnBibWMrZG1semFXOXVUMU04TDNOMGNtbHVaejRLQ1R3dllYSnlZWGsrQ2drOGEyVjVQa2x6V0dOdlpHVk5ZVzVoWjJWa1BDOXJaWGsrQ2drOFptRnNjMlV2UGdvSlBHdGxlVDVFWlhabGJHOXdaWEpEWlhKMGFXWnBZMkYwWlhNOEwydGxlVDRLQ1R4aGNuSmhlVDRLQ1FrOFpHRjBZVDVOU1VsR2RGUkRRMEpLTW1kQmQwbENRV2RKVVZsQlRsZEhiVTFuTmpjelNuTnVlWFJqUm5NMFJWUkJUa0puYTNGb2EybEhPWGN3UWtGUmMwWkJSRUl4VFZWUmQxRm5XVVJXVVZGRVJFUjBRbU5JUW5OYVUwSllZak5LYzFwSVpIQmFSMVZuVWtkV01scFhlSFpqUjFaNVNVWktiR0pIUmpCaFZ6bDFZM2xDUkZwWVNqQmhWMXB3V1RKR01HRlhPWFZKUlVZeFpFZG9kbU50YkRCbFZFVk1UVUZyUjBFeFZVVkRkM2REVW5wTmVFVjZRVkpDWjA1V1FrRnZUVU5yUm5kalIzaHNTVVZzZFZsNU5IaERla0ZLUW1kT1ZrSkJXVlJCYkZaVVRVSTBXRVJVU1RGTlJFbDNUa1JCZVUxNlJYcE9iRzlZUkZSSk1rMUVTWGRPUkVGNVRYcEZlazVXYjNkbldrRjRSMnBCV1VKbmIwcHJhV0ZLYXk5SmMxcEJSVUpFUVhCSlVUQm5NRTFxWnpWT2FsVXdUVlJuZDA1bldVUldVVkZFUkVNNWNGVkhhSFppYlZWblVrZHNlbVJJU25CWmJsWXdZVmM1ZFU5cFFsTlJWV1JHVlRGU1FsWkZWV2RVUlhoRVNVTm9TVkV3WnpCTmFtYzFUbXBWTUV0VVJWUk5Ra1ZIUVRGVlJVTjNkMHRUUlU1SlRrUkpORTlVV1RGT1JFVlhUVUpSUjBFeFZVVkRaM2RPVld0R1NGSldUbFZSVmxKR1NVVjRUVkY2UlV4TlFXdEhRVEZWUlVKb1RVTldWazEzWjJkRmFVMUJNRWREVTNGSFUwbGlNMFJSUlVKQlVWVkJRVFJKUWtSM1FYZG5aMFZMUVc5SlFrRlJReXRXUjFFM1dUTmljR3RxTnpFMmIwODRhRUZDZDNKdmFGY3JRV0VyZEUxcmVVVlVRV1ZMTTBGM2JVdFJOakp0YWpGbk5VUkVWMHhtYjJ0M2IxRXlkRWhHV0ZoSk1HTk5XaTlCY1RoSVJGcHFWVlpaVlUwcmFrdHRhazE0UzB4c04xTXlUazR2U201UFlrZFRVRkowZFc1NVJYQTRkV3BCWWtsc1YyeHRhMGcxTkhoVU1uSndVbUpLUzFwT2VEVldWMjkwWlVoYWJIYzJUazlYWWl0Q1QyTkJlV0ZLYVhoTFVsVlFSRk0zYjFNME1tdHVTRU5QTlN0eloyMUhTSFk0UWtSemJTOVlUM2QzYWxSbEsyMXVjRzVZUjB3M1FuQjZORko1YW10cVN6bHhjMHhzU1ZwMVVGSk5ValJXTlZST1RrbEZlSGd6YnpGSFdqWnFOMFpxTjJ4WGVFOXpkMlZ5ZVVwVVJWRjFPV0ZuWldrNGFVeFhjamR6VVhjeVpHSlBka2RTZEd0T1dqZHFhbE5KUkVKdVlYcFVWR2QyWVhOU1RtUlBialZPTmtoRlNGTm1NRFIzWVZadlN6RjVkVkl3TnpWT1NVeEtRV2ROUWtGQlIycG5aMGxxVFVsSlEwaDZRVTFDWjA1V1NGSk5Ra0ZtT0VWQmFrRkJUVUk0UjBFeFZXUkpkMUZaVFVKaFFVWkJiaXQzUWxkUksyRTVhME53U1ZOMVUxbHZXWGQ1V0RkTFpYbE5TRUZIUTBOelIwRlJWVVpDZDBWQ1FrZFJkMWxxUVhSQ1oyZHlRbWRGUmtKUlkzZEJiMWxvWVVoU01HTkViM1pNTWs1c1kyNVNla3h0Um5kalIzaHNURzFPZG1KVE9UTmtNbEo1V25wTmRWcEhWbmxOUkVWSFEwTnpSMEZSVlVaQ2VrRkNhR2xXYjJSSVVuZFBhVGgyWWpKT2VtTkROV2hqU0VKeldsTTFhbUl5TUhaaU1rNTZZMFJCZWt4WVpETmFTRXB1VFhwQmVVMUpTVUpJWjFsRVZsSXdaMEpKU1VKR1ZFTkRRVkpGZDJkblJVNUNaMnR4YUd0cFJ6a3lUbXRDVVVWM1oyWTRkMmRqVFVkRFEzTkhRVkZWUmtKM1NVTk5TVWN5UkVsSGVsVnRWbk5oVjBaMVdUSlZaMkl5Tkdka1IyaHdZM2xDYWxwWVNqQmhWMXB3V1RKR01GcFRRbWxsVTBKb1ltNXJaMk5IUm5sa1NHdG5XVmhPZW1SWE1XeGplVUpvV1RKT2JHTklVbWhpYlU1c1NVYzViVWxJVW05YVUwSXdZVWRXZFVsSFJuZGpSM2h3V1RKR2FXSkhWV2RqTTFKb1ltMVNhR050VVdka1IxWjVZbGhOWjFsWE5XdEpSMDUyWW0xU2NHUkhiSFppYmsxbllqSlpaMlJZVG14TVEwSnFXbGhLTUdGWFduQlpNa1l3V2xOQ2QySXllSEJaTTJ0bldWYzFhMGxIVG14amJsSndXbTFzYWxsWVVuQmlNalJuWTBoS2FGa3pVbkJaTWxWbll6TlNhR1JIVm5SYVZ6VXdZM2swZDA1M1dVbExkMWxDUWxGVlNFRm5SVmRMTW1nd1pFaENlazlwT0haa00yUXpURzFHZDJOSGVHeE1iVTUyWWxNNWFscFlTakJoVjFwd1dUSkdNRnBYUmpGa1IyaDJZMjFzTUdWVE9IZEdaMWxFVmxJd2JFRlJTQzlDUVhkM1EyZFpTVXQzV1VKQ1VWVklRWGROZDBoUldVUldVakJQUWtKWlJVWk5PVGRpUkVaUVVHTk9Uak42YWxVck0yWk9NV3h6YzFOVU0zZE5RVFJIUVRGVlpFUjNSVUl2ZDFGRlFYZEpTR2RFUVZSQ1oyOXhhR3RwUnpreVRtdENaMFZGUVZGSUwwSkJTVVpCUkVGT1FtZHJjV2hyYVVjNWR6QkNRVkZ6UmtGQlQwTkJVVVZCYnpaS00ycEZkMGxXU0ZWVGRVWTRlbHA2YVdsSU1tb3pVazlOTUhWS1dHcHpXSFF4U0VGVVRrOXNaVkpXVVZoSUx6WXlhWEkwWmxsM1oySkNSMGM1ZUVKeWIwVnpja0pDU0c1dllTdEVjelF6UzJGbGNYZzBSbXR1TVhsSU1WcE1UMjVJZGpjeGJFZHNOV0lyTVZrM2RFMWtVR3BtY2twMlZGVXdSRUpWU0c5T1ZGZHVVREZ1VEV0cE1VcHZNRm8xVm1sRlMzVlRXSEpaWm1KUlZHOTJPV2s0VjNocU9FZzFlVkIwVWk5bVFYUjBNelExZDBscmRVa3JVVTVZUWxOblZVaFpVQzlpUnpKTVlrRk1OMjk1YW01TU1FbE9iV0ZhZFVjemRGQlBNMFJRYmxkTk1YcGhMM2gzUjBjeE9UazBNbXd2Wmxwb1ZHbGpMMnh6YkhWaVFYTkZhbEkzTkdrNWNVcEhZMlYwTm5SaU1HZDFkR0kyT0RWbkwzTXJUMFYyYkdoNVZYSk1WekoyYURKT05HbFpPVmNyTUc1Q2NIWnNlVFZ0Wmk4d09HWllNVzlHVEdsT01VMHdhR3d2VTBkMFUzWnVMMXBCUFQwOEwyUmhkR0UrQ2drOEwyRnljbUY1UGdvS0NUeHJaWGsrUkVWU0xVVnVZMjlrWldRdFVISnZabWxzWlR3dmEyVjVQZ29KUEdSaGRHRStUVWxKVDBoM1dVcExiMXBKYUhaalRrRlJZME52U1VsUFJVUkRRMFJuZDBOQlVVVjRSRlJCVEVKbmJHZG9hMmRDV2xGTlJVRm5SWGRuWjFCbVFtZHJjV2hyYVVjNWR6QkNRbmRIWjJkblVGRkNTVWxFZWtSSFEwRTRaM2RFUVhkSVZtMVdlV015YkhaaVowbENRVlJCVGtSQmFGRlZSa1pFWVVkV2FtRjNSVUl2ZWtGUVJFRndWV0ZYTVd4V1J6bE5ZVmhhYkVGblJWTk5RazFOUkd0c2VsZEhUblphUjFaT1dWYzFhRm95Vm10QlVVVkJUVUpyVFVOR1VteFpWekZQV1ZjeGJFUkJNVk5SVldSR1ZURlNRbFpGVldkVVJYaEVUVUl3VFVSRlRubGFWMFl3WVZjNWRWSkhSakJhVW1OT1RXcFpkMDFVUlROTlJFRjRUVVJKTUZkcVFXVkVRVFZWV2xkR2RGTlhVbXhpYmxKd1dtMXNiR05xUVUxRVFYQkpVVEJuTUUxcVp6Vk9hbFV3VFVJNFRVUnJWalJqUjJ4NVdWaFNjR0l5TlVWWldGSnNSbmN3ZVU1cVFYbE5SRkYzVFdwTmVFMTZWbUZOUTBGTlJqRkNlV0l5V25CaVIxWkZZVmhPTUdOdGJHbGtXRkp3WWpJMVZXVllRbXhFUVZaQ1VrVm9VRkY2UVdoRVFXaFJZa2RHTUZwdE9YbGlWRUZXUkVGT2NGUXhUVTFDU0doNVZERk5UVU5JV25Cak1teDJZbXM1VkUxRGMwMUhNRVozWTBkNGNGa3lSakJoVnpsMVUxZFNiR0p1VW5CYWJXeHNZMnhDZVZwWFduQmxSRUZOUkVGd1NWRXdaekJOYW1jMVRtcFZNRTFEZDAxQ1JsWldVMVZSVFVwRVRtdE9lbU16VGtSSk5VeFVRVE5QVkVsMFRrUldhazlUTURSTlZHTXpURlJhYTAxcVFtMU5WMUV6VDFSSk1WbFVRWGhFUWtwUlkyMDVNbUZZVG5CaU1qVnNXa1ZTYkdSdGJHcGFXRTEzUjNkM1drMUVRWGROUkdkNFRsUkJkRTFFUVhkUFZFVTFVVEJWZVU1cWEzbE9SRUY0VVhwQk4wUkNWa1ZhV0Zwc1lrYzVkMXBZU2tSYVdFb3dZVmRhY0ZreVJqQmFXRTEzU1dkUlp6VjZWazFNWkZsWFJYUldSM1YzT1VJMmQydHhjMDFKVTBOaVVtUjNUVmRFVTJoVWMwdHJXamR2VkRoM1VFRjNSVlJ0Um5SYVVYY3dTMngwYkdWSVFuWllVMEpxWWpJd2RXUkliSGxhVjNoeldsTTFlVmxYWkd4ak0xSm9aRWRXYUdOSVFXZFJWMUpKWWpKTlowMVVZekpQUkVVelRWUlJlVTU2U1RST2FrSkNSRUZzUW1OSVFrcFNSVFZvWWxkVlRVNUlValZqYlZaellrZFdlVmxYWkd4ak0xSm9aRWRXYUdOSVFXZE5WRnB0V1cxU2FWbHRTbXhPTWtVMFdtcE5kMWxVV1RSTlIxcHJXWHBaTkU0eVJUTk9la0p0VFVSQmQyZG5SakZFUVhoR1ltNVNjR1JIZUd4aVYxWjFaRWhPZDJkblJtcEJaMFZDYzBsSlFsaEVRVGxFUWxwb1kwaENjMkZYVG1oa1IyeDJZbWt4Y0ZwSFZuVmtSMnh0WVZkV2VVUkRUa2xSTUdjd1RXcG5OVTVxVlRCTWJVNTJZbE0xTUdWWVNteGlSM2hzVEc1S2FGb3lWbnBrUjBZd1dsZEdkMk5FUVdSRVFUbG9ZMGhOZEZwWE5USmhXRXAyWW0weGJHSnVVVTFEYmtKNVlqSlNNVmt6VW5CaU1qUjNTM2QzYlZreU9YUk1iVVozWTBkNGJFeHRVbXhrYlZaellqTkNiR05wTldoak0wNTJXVEpzYUdSSFZtdE1WMUoyWWxkR2NHSnVUVTFCVTI5M1ZFRjNhbGt5T1hSTWJVWjNZMGQ0YkV4dFVteGtiVlp6WWpOQ2JHTnBOWEJpYVRGb1kwaEJkR05IUmpWaVYxWjFaRWhOZDBwUmQycGlWMVo1V1RKb2FHSnVVWFZaTWpsMFRHNVNOV050Vm5OaVIxVjFZMjFHYmxwWVRqQlpXRkpzVEZkS2JHUkhSWGROVVhkcVdUSTVkRXh0Um5kalIzaHNURzFTYkdSdFZuTmlNMEpzWTJrMU1GcFhSblJNVjJ4cldsYzFNR0ZYV25CYVdFbE5RMnRvUkZORVVYbFBSR3N5VGxSUmQwVjNkMDlhTWxZd1RGaFNhR015YzNSWlYzaHpZak5qUWtGUlFYZFBVWGRYWVRKV05Wa3lhR2hoVnpSMFdWZE9hbHBZVG5wTVYyUjVZak5XZDJONlFXWkVRWGhKVVRCbk1FMXFaelZPYWxVd1RHbHZUVVF5VG5aaVV6Vm9ZMGhDYzFwVE5UQmlNblJzWW5GRFEwTkVkM2RuWjBwRVRVbEpRbmxoUVVSQlowVkRRV2RuZEhobWVVa3djMVpNYkZSQlMwSm5aM0ZvYTJwUFVGRlJSRUY2UW01TlVuTjNSMUZaUkZaUlVVUkVRa3BDWTBoQ2MxcFRRbE5pTWprd1NVVk9Ra2xETUdkU2VrMTRTbXBCYTBKblRsWkNRWE5OU0ZWR2QyTkhlR3hKUlU1c1kyNVNjRnB0YkdwWldGSndZakkwWjFGWVZqQmhSemw1WVZoU05VMVNUWGRGVVZsRVZsRlJTMFJCY0VKalNFSnpXbE5DU21KdFRYVk5VWE4zUTFGWlJGWlJVVWRGZDBwV1ZYcEJaVVozTUhoT1JFRXdUWHBCZUU5RVJUVk5SRnBoUm5jd2VrOVVRVEJOZWtGNFQwUkZOVTFFV21GTlIyTjRSM3BCV2tKblRsWkNRVTFOUld0R2QyTkhlR3hKUmtwMllqTlJaMUV3UldkTVUwSklUWHBGYlUxRFVVZEJNVlZGUTNkM1pGRllRbmRpUjFWblVUSldlV1JIYkcxaFYwNW9aRWRzZG1KcFFrSmtXRkp2WWpOS2NHUklhM2hGZWtGU1FtZE9Wa0pCYjAxRGEwWjNZMGQ0YkVsRmJIVlplVFI0UTNwQlNrSm5UbFpDUVZsVVFXeFdWRTFJV1hkRlFWbElTMjlhU1hwcU1FTkJVVmxHU3pSRlJVRkRTVVJaWjBGRmJVOXJkbEJWUW5sd1R6SlVTVzVMUWtWNGVtUkZTbGg0ZUdGT1QyTmtkMVZHZEd0UE5XRlpSa3R1Wkd0bE1UbFBUMDVQTjBoRlV6Rm1MMVZtZEdwS2FWaGpibkJvUm5SUVRVVTRVbGRuUkRsWFJtZE5jR1pWVUV4Rk1FaFNlRTR4TW5CbFdHd3lPSGhZVHpCeWJsaHpaMDg1YVRWV1RteGxiV0ZSTmxWUmIzaHZNRWwzVVVSQlpFSm5UbFpJVVRSRlJtZFJWWFUzUkdWdlZtZDZhVXB4YTJsd2JtVjJjak55Y2pseVRFcExjM2RFZDFsRVZsSXdWRUZSU0M5Q1FWVjNRWGRGUWk5NlFVOUNaMDVXU0ZFNFFrRm1PRVZDUVUxRFFWRlpkME5uV1VsTGIxcEplbW93UlVGM1RVUmhRVUYzV2xGSmVFRkpVSEIzWTFGWFdHaHdaRTVDYWxvM1pTOHdZa0UwUVZKcmRUUXpOMHBIUldOVlVDOWxXalpxUzBkdFlUZzNRMEU1VTJNNVdsQkhaRXhvY1RNMmIycEdVVWwzWWxkaFMwVk5jbFZFWkZKUWVsa3hSRkJ5VTB0Wk5sVjZZblZPZERKb1pUTmFRaTlKVlhsaU5XbEhTakJQVVhOWVZ6aDBVbkZCZW05SFFWQnViM0pKYjAxSlNVTTFha05EUVcweVowRjNTVUpCWjBsSlRYY3pkU3RNT1UxaFF6UjNRMmRaU1V0dldrbDZhakJGUVhkTmQxcDZSV0pOUW10SFFURlZSVUYzZDFOUldFSjNZa2RWWjFWdE9YWmtRMEpFVVZOQmRFbEZZM3BOVTFsM1NrRlpSRlpSVVV4RVFqRkNZMGhDYzFwVFFrUmFXRW93WVZkYWNGa3lSakJoVnpsMVNVVkdNV1JIYUhaamJXd3daVlJGVkUxQ1JVZEJNVlZGUTJkM1MxRllRbmRpUjFWblUxYzFha3hxUlV4TlFXdEhRVEZWUlVKb1RVTldWazEzU0doalRrMVVZM2ROYWtsNVRXcEplVTE2U1hsWGFHTk9UWHBKZDAxcVJUUk5SRUYzVFVSQmQxZHFRbmxOVTFsM1NrRlpSRlpSVVVSRVFqRkNZMGhDYzFwVFFsUmxXRTR3V2xjd1oxTlhOVEJhVjJSNVdWaFNjR0l5TkdkUk1FVm5Ua1JGYlUxRFVVZEJNVlZGUTNkM1pGRllRbmRpUjFWblVUSldlV1JIYkcxaFYwNW9aRWRzZG1KcFFrSmtXRkp2WWpOS2NHUklhM2hGZWtGU1FtZE9Wa0pCYjAxRGEwWjNZMGQ0YkVsRmJIVlplVFI0UTNwQlNrSm5UbFpDUVZsVVFXeFdWRTFHYTNkRmQxbElTMjlhU1hwcU1FTkJVVmxKUzI5YVNYcHFNRVJCVVdORVVXZEJSVUp0ZFd0V2JUazVibmxtVW5wcVlVOXJhSFJYZWxaUk1scEZja3BzUjJsYUszTnJaMloxVERGWFFTOWpORzF5Y2tkVlkzWk1kVGczY0VGSE1FRlNUa1ZtUm05dGNtRkRZMHRUVjBzMVpWbEhZakE1T0ZkeFQwSTVla05DT1VSQlVFSm5UbFpJVWsxQ1FXWTRSVUpVUVVSQlVVZ3ZUVUk0UjBFeFZXUkpkMUZaVFVKaFFVWk1kWGN6Y1VaWlRUUnBZWEJKY1ZvemNqWTVOall2WVhsNVUzSk5SVmxIUTBOelIwRlJWVVpDZDBWQ1FrUnZkMDlFUVRKQ1oyZHlRbWRGUmtKUlkzZEJXVmx4WVVoU01HTkViM1pNTWpscVl6TkJkVmxZUW5kaVIxVjFXVEk1ZEV3eU9XcGpNMEYzVFhreGFHTklRbk5hV0VwMllqTlNhbGxYWTNwTlJHTkhRVEZWWkVoM1VYZE5RelIzVEV0QmNXOURhVWRLYldnd1pFaEJOa3g1T1dwamJYZDFXVmhDZDJKSFZYVlpNamwwVERKR2QyTkhlR3hqYlRsMlpFZE9hRnA2VFhWWk0wcHpUVUl3UjBFeFZXUkVaMUZYUWtKU05sSTNielJwYUZWclUwTktSM3BpTmxCSGFWSTNUa0ZOY1dGVVFVOUNaMDVXU0ZFNFFrRm1PRVZDUVUxRFFWRlpkMFZCV1V0TGIxcEphSFprYWxwQldVTkZVVkZEUWxGQmQwTm5XVWxMYjFwSmVtb3dSVUYzVFVSYWQwRjNXa0ZKZDBaUmVYQnFjMkYyYkcxc2NuQTFMMlJZVGxGRVYxZDVkVlYwVW1kNGIzUXlORXhtUm05MlJVcG1UME5oTkRKMWVEUXpkM2g0UTJRMmNEUTJTaTloZEROQmFrSm9UWGxFZUV0bUx6Vm9la3QxUzJOb2ExQllXamRWWVZSVFFXazVNblp0UVdsclpraFdUMjVZWTNSUFRFZExjR0lyZUdkdVkxTnJMMVpLVUVRNGVYSkpkMmRuVFVoTlNVbERjbUZCUkVGblJVTkJaMmRZWjB0bk1GcHRWSEY1ZWtGTFFtZG5jV2hyYWs5UVVWRkVRV3BDZVUxVFdYZEtRVmxFVmxGUlJFUkNNVUpqU0VKeldsTkNWR1ZZVGpCYVZ6Qm5VMWMxTUZwWFpIbFpXRkp3WWpJMFoxRXdSV2RPUkVWdFRVTlJSMEV4VlVWRGQzZGtVVmhDZDJKSFZXZFJNbFo1WkVkc2JXRlhUbWhrUjJ4MlltbENRbVJZVW05aU0wcHdaRWhyZUVWNlFWSkNaMDVXUWtGdlRVTnJSbmRqUjNoc1NVVnNkVmw1TkhoRGVrRktRbWRPVmtKQldWUkJiRlpVVFVJMFdFUlVTVEJOVkVWNVRVUkJlazFxUVRCT1ZtOVlSRlJKTkUxVVNYaE9SRVUwVFVSQmVrMUdiM2RVYWtWeFRVTm5SMEV4VlVWQmQzZG9WakZrUlZWcFFsRmpiVGt5WVZoT2NHSXlOWEJpYldOblZVaEtkbHB0YkhOYVUwSlVZVmRrZFdGWE5XNU5VazEzUlZGWlJGWlJVVXRFUVhCQ1kwaENjMXBUUWtwaWJVMTFUVkZ6ZDBOUldVUldVVkZIUlhkS1ZsVjZRbHBOUWsxSFFubHhSMU5OTkRsQlowVkhRME54UjFOTk5EbEJkMFZJUVRCSlFVSlFWMVZYZHpkQ01VWlJMMGRrTlVkWlExWm1VRzgwY0hveWVGQnJPVlZqZERNeU1sVnNPR1kwWm5ScVFXSkxRMGMyYVdoVWNsUlVOMlU1VjNWU1psVnRUVEZuZERnMVQzRmlZelpXTTFwVU5rUk9SSEl6TW1wblowWlFUVWxKUWxONlFVMUNaMDVXU0ZKTlFrRm1PRVZCYWtGQlRVSTRSMEV4VldSSmQxRlpUVUpoUVVaSWNFaDFhbWxMUmxOU1NVbHJZazUyYnpoaFNraHpNRUY1Y0hCTlJVVkhRME56UjBGUlZVWkNkMFZDUWtSVmQwMTZRWGhDWjJkeVFtZEZSa0pSWTNkQldWbHNZVWhTTUdORWIzWk1NamxxWXpOQmRWbFlRbmRpUjFWMVdUSTVkRXd5T1dwak0wRjNUWGt4YUdNeWJHcFpWRkYzVFhwRFFteG5XVVJXVWpCblFrbEhUMDFKUjB4TlNVZEpRbWRyY1docmFVYzVNazVyUWxGRmQyVjZRalZDWjJkeVFtZEZSa0pSWTBOQmFrSjBSRWQwVldGSGJIcEpSMDVzWTI1U2NGcHRiR3BaV0ZKc1NVZHNla2xJVW5aSlIwcHNTVWhXZWxwWFVXZGFXR2hxWWtoV2VtRllXbXhpU0d0bldtMDVlVWxIV2pGaWJVNHdZVmM1ZFdONVFuQmlibEpzWTIwMWFHSkRRakJpZVVKQ1kwaENjMXBUUWxGamJUbHJaRmRPTUdONVFtaGliVkYyWWpOSloxRllRbmRpUjFWblkwaEtkbGt5Vm5wak1sWjZUR3BCWkVKblRsWklVVFJGUm1kUlZUWldURTlFWWtSSGFVSndiRk55YVdKRldTOTRNMEkxU0VaSWQzZEVaMWxFVmxJd1VFRlJTQzlDUVZGRVFXZGxRVTFCT0VkRFUzRkhVMGxpTTFreVVVMUZkMUZEUWxGQmQwTm5XVWxMYjFwSmVtb3dSVUYzU1VSVFFVRjNVbEZKYUVGUEsyRjJSakpuVjIxYWMxcE1iazVPTlU5d1ZUZFJNM2hqWkhNMFdWQTJSbmh5WlVONk0xZHhNbWh0UVdsQ05FazVia1JwUVdSS1VHWllOMmxaSzFGaWJHcG5WalU1YWk4eGFtZ3hiemxqYlVkUVYwOXFOQzl1VkVkRFFXUk5kMmRuU0ZCQlowVkNUVWcwZDJOcVJXMU5RMUZIUVRGVlJVRjNkMlJSV0VKM1lrZFZaMVV6Ykhwa1IxWjBTVVZzZFdSSFZtNWpiVVl3WVZjNWRVbEZUa0pKUkZGNFNtcEJhMEpuVGxaQ1FYTk5TRlZHZDJOSGVHeEpSVTVzWTI1U2NGcHRiR3BaV0ZKd1lqSTBaMUZZVmpCaFJ6bDVZVmhTTlUxU1RYZEZVVmxFVmxGUlMwUkJjRUpqU0VKeldsTkNTbUp0VFhWTlVYTjNRMUZaUkZaUlVVZEZkMHBXVlhkSlNVWTBRMjlPUjFwck5uTnpkME4zV1VwWlNWcEpRVmRWUkVKQlNVSnZTVWh1VFVKblIwTlRjVWRUU1dJelJGRkZTa0Y2UlV4Q1oydHhhR3RwUnpsM01FSkNkMFYzU0VGWlNrdHZXa2xvZG1OT1FWRnJSazFST0ZoRVZFa3lUVVJGZUU1NlFYZE5WRUY1VGtadmQwdEJXVXBMYjFwSmFIWmpUa0ZSYXpCTlVuTjNSMVJCVEVKbmJHZG9hMmRDV2xGTlJVRm5SMmhEWjFsSlMyOWFTWHBxTUVWQmQwbDNUSGRaU2t0dldrbG9kbU5PUVZGclJVMVRTVVZKUjNRM1kyOVRSbk5oT1ZaTWEyUnpMMlJSTVVWME16bHVSMk15VW5JM1lUSkpPV3cyYTJkV2JFWXJXRTFHU1VkRFUzRkhVMGxpTTBSUlJVcEVla1pHVFVWTmQwTm5XVWxMYjFwSmFIWmpUa0YzWTNkRVoxbEpTMjlhU1doMlkwNUJkMGxEUVdkRFFVMUJNRWREUTNGSFUwbGlNMFJSVFVOQlowWkJUVUZqUjBKVGMwOUJkMGxJVFVFd1IwTkRjVWRUU1dJelJGRk5RMEZuUlc5TlFXOUhRME54UjFOTk5EbENRVTFEUWtWamQxSlJTV2RKWXpWTEwwZFhRVXRVWmxsNVVsVlhlbUphVTFCa2JEQjNabVZEVFV4MmExWlRZVzE0YjIxM1EwTTBRMGxSUkZGRksyTndXR296ZDFsWVdXdDNabUZtTlZwc1QwVldkV1pxVURWSFlVcE1VMkZMWkZWeVUwNDBNVkU5UFR3dlpHRjBZVDRLQ1FrSkNRa0pDUWtKQ1FrSkNRa0pDUWtKQ2drSkNUeHJaWGsrVUZCUlEyaGxZMnM4TDJ0bGVUNEtDVHgwY25WbEx6NEtDZ2s4YTJWNVBrVnVkR2wwYkdWdFpXNTBjend2YTJWNVBnb0pQR1JwWTNRK0Nna0pDUWtLQ1FrSkNUeHJaWGsrWVhCekxXVnVkbWx5YjI1dFpXNTBQQzlyWlhrK0Nna0pQSE4wY21sdVp6NXdjbTlrZFdOMGFXOXVQQzl6ZEhKcGJtYytDZ2tKQ1FrS0NRa0pDVHhyWlhrK1kyOXRMbUZ3Y0d4bExtUmxkbVZzYjNCbGNpNXBiaTFoY0hBdGNHRjViV1Z1ZEhNOEwydGxlVDRLQ1FrOFlYSnlZWGsrQ2drSkNRazhjM1J5YVc1blBtMWxjbU5vWVc1MExtTnZiUzUwZVhKbGJHeGxMbkpoWjJWemRHRjBaUzFpWlhSaFBDOXpkSEpwYm1jK0Nna0pQQzloY25KaGVUNEtDUWtKQ1FvSkNRa0pQR3RsZVQ1amIyMHVZWEJ3YkdVdVpHVjJaV3h2Y0dWeUxtRnpjMjlqYVdGMFpXUXRaRzl0WVdsdWN6d3ZhMlY1UGdvSkNUeHpkSEpwYm1jK0tqd3ZjM1J5YVc1blBnb0pDUWtKQ2drSkNRazhhMlY1UG1Gd2NHeHBZMkYwYVc5dUxXbGtaVzUwYVdacFpYSThMMnRsZVQ0S0NRazhjM1J5YVc1blBraERTRFF5T0RrMk5UUXVZMjl0TG5SNWNtVnNiR1V1Y21GblpYTjBZWFJsWVhCd1BDOXpkSEpwYm1jK0Nna0pDUWtLQ1FrSkNUeHJaWGsrYTJWNVkyaGhhVzR0WVdOalpYTnpMV2R5YjNWd2N6d3ZhMlY1UGdvSkNUeGhjbkpoZVQ0S0NRa0pDVHh6ZEhKcGJtYytTRU5JTkRJNE9UWTFOQzRxUEM5emRISnBibWMrQ2drSkNRazhjM1J5YVc1blBtTnZiUzVoY0hCc1pTNTBiMnRsYmp3dmMzUnlhVzVuUGdvSkNUd3ZZWEp5WVhrK0Nna0pDUWtLQ1FrSkNUeHJaWGsrWjJWMExYUmhjMnN0WVd4c2IzYzhMMnRsZVQ0S0NRazhabUZzYzJVdlBnb0pDUWtKQ2drSkNRazhhMlY1UG1OdmJTNWhjSEJzWlM1a1pYWmxiRzl3WlhJdWRHVmhiUzFwWkdWdWRHbG1hV1Z5UEM5clpYaytDZ2tKUEhOMGNtbHVaejVJUTBnME1qZzVOalUwUEM5emRISnBibWMrQ2drSkNnazhMMlJwWTNRK0NnazhhMlY1UGtWNGNHbHlZWFJwYjI1RVlYUmxQQzlyWlhrK0NnazhaR0YwWlQ0eU1ESTJMVEF5TFRBMFZEQXlPak14T2pNMVdqd3ZaR0YwWlQ0S0NUeHJaWGsrVG1GdFpUd3ZhMlY1UGdvSlBITjBjbWx1Wno0cVcyVjRjRzlkSUdOdmJTNTBlWEpsYkd4bExuSmhaMlZ6ZEdGMFpXRndjQ0JCWkVodll5QXhOelk0TVRjeE5ESTNNamcyUEM5emRISnBibWMrQ2drOGEyVjVQbEJ5YjNacGMybHZibVZrUkdWMmFXTmxjend2YTJWNVBnb0pQR0Z5Y21GNVBnb0pDVHh6ZEhKcGJtYytNREF3TURneE5UQXRNREF3T1RFNVEwVXlOamt5TkRBeFF6d3ZjM1J5YVc1blBnb0pQQzloY25KaGVUNEtDVHhyWlhrK1ZHVmhiVWxrWlc1MGFXWnBaWEk4TDJ0bGVUNEtDVHhoY25KaGVUNEtDUWs4YzNSeWFXNW5Qa2hEU0RReU9EazJOVFE4TDNOMGNtbHVaejRLQ1R3dllYSnlZWGsrQ2drOGEyVjVQbFJsWVcxT1lXMWxQQzlyWlhrK0NnazhjM1J5YVc1blBsSkJSMFZUVkVGVVJTQk1URU04TDNOMGNtbHVaejRLQ1R4clpYaytWR2x0WlZSdlRHbDJaVHd2YTJWNVBnb0pQR2x1ZEdWblpYSStNVGc4TDJsdWRHVm5aWEkrQ2drOGEyVjVQbFZWU1VROEwydGxlVDRLQ1R4emRISnBibWMrTTJRM056YzBNamt0TURjNU1pMDBOV001TFRneE56Y3RObVF5TUdZeFpEYzVNalZoUEM5emRISnBibWMrQ2drOGEyVjVQbFpsY25OcGIyNDhMMnRsZVQ0S0NUeHBiblJsWjJWeVBqRThMMmx1ZEdWblpYSStDand2WkdsamRENEtQQzl3YkdsemRENmdnZzAvTUlJRU5EQ0NBeHlnQXdJQkFnSUlQVm40TityUjJKOHdEUVlKS29aSWh2Y05BUUVMQlFBd2N6RXRNQ3NHQTFVRUF3d2tRWEJ3YkdVZ2FWQm9iMjVsSUVObGNuUnBabWxqWVhScGIyNGdRWFYwYUc5eWFYUjVNU0F3SGdZRFZRUUxEQmREWlhKMGFXWnBZMkYwYVc5dUlFRjFkR2h2Y21sMGVURVRNQkVHQTFVRUNnd0tRWEJ3YkdVZ1NXNWpMakVMTUFrR0ExVUVCaE1DVlZNd0hoY05NalF4TWpFMk1Ua3lNVEF4V2hjTk1qa3hNakV4TVRneE16VTVXakJaTVRVd013WURWUVFEREN4QmNIQnNaU0JwVUdodmJtVWdUMU1nVUhKdmRtbHphVzl1YVc1bklGQnliMlpwYkdVZ1UybG5ibWx1WnpFVE1CRUdBMVVFQ2d3S1FYQndiR1VnU1c1akxqRUxNQWtHQTFVRUJoTUNWVk13Z2dFaU1BMEdDU3FHU0liM0RRRUJBUVVBQTRJQkR3QXdnZ0VLQW9JQkFRRFFrekdyK0ZNZTM2MGVMMlQzeVUzWGxyNWZTejE1WkZ4RDdpbkRRTkw2THh5Z3Ryd1JjKy93SXJEZjN2bjV6bFhqOVVJQnRTTmxRUkk3OTN4R2ZZa1RSWlZFN0phVlltYVhrQU1BMmVDdXhkbXhuQ0F0bHVDRjdXOXIwMUxUZ3p6VUFTTWw2ZVhHMUJIWWVhb0l3dDBWV1BYdmlwTkxEVXZ1RGJhSGszVVJFRlhMREhnSDJ6ZHdSanVYK3NUcmVDbmc5T3g0NDJIYVFGZUFCN3VJbktYSFNXM0lKdE9WSDAwaG9vMW9jNE1lNWxsYWhaWlZWTENWTGlYY2R3MWhoNEdOaWFRRGV6d0FkeXlKYWxuVFpFVFpkS1ZiaXJGU1lWOXVCRERVOCtJUU5BeVZqRXZoZTlZcmhZUHlKem1OY0FnajRoU0kvNVAwTFcxTUp1S0xONFl0QWdNQkFBR2pnZVV3Z2VJd0RBWURWUjBUQVFIL0JBSXdBREFmQmdOVkhTTUVHREFXZ0JSdjhaVVlZbHpneVBIRjdXd1l5ZURUWkZLWUlEQkFCZ2dyQmdFRkJRY0JBUVEwTURJd01BWUlLd1lCQlFVSE1BR0dKR2gwZEhBNkx5OXZZM053TG1Gd2NHeGxMbU52YlM5dlkzTndNRE10WVdsd1kyRXdOekF2QmdOVkhSOEVLREFtTUNTZ0lxQWdoaDVvZEhSd09pOHZZM0pzTG1Gd2NHeGxMbU52YlM5aGFYQmpZUzVqY213d0hRWURWUjBPQkJZRUZMeTF4ZW05L012UW50eVVzQjc0SVpSYy93a3VNQTRHQTFVZER3RUIvd1FFQXdJSGdEQVBCZ2txaGtpRzkyTmtCam9FQWdVQU1BMEdDU3FHU0liM0RRRUJDd1VBQTRJQkFRQXlOTUxwZDZwZjRNYktvdk4zV2VlS1o3anhVZlA3c1BhWHY3RVJvK0doUExzamt1a1NrNkp4SGJ6eG1uRnZwRHh2TnBLMjRFZUNvcFBqNTdpUHU5OGxSR0lDejgyODkvdU5pZ2x3ZUdYQ0dVMGx5M0ppSWVTcGFQa1FtaTU2RHlpK3BnTUcwVlZoSDY5OCtKVFVjUTdpMHlWVWk4NnQxV2dIVzcwdGU4ZGlSWG01cVlkTStCZzdnSzRRUzNIWWVDdm1DcSthNTlsTnpPcGJ0Nk9YVld2c0RhQjR4OEN3ejh2Y0VFd3draE54bE5hdjRPeko2Y21iemlVeTdoRU5JUmNraS9HVkxpSmlSa1YvNE52WEZsVEJ1VDdUMm9xNVpmYTB0Q04vZUYzWmNuWmtZNmNJVmNmWnQ1VGJJNy96azZmVUJFUkREY3JpVnJJcmxDaWtQWEtITUlJRVJEQ0NBeXlnQXdJQkFnSUlYR1BLNUVvM1U4a3dEUVlKS29aSWh2Y05BUUVMQlFBd1lqRUxNQWtHQTFVRUJoTUNWVk14RXpBUkJnTlZCQW9UQ2tGd2NHeGxJRWx1WXk0eEpqQWtCZ05WQkFzVEhVRndjR3hsSUVObGNuUnBabWxqWVhScGIyNGdRWFYwYUc5eWFYUjVNUll3RkFZRFZRUURFdzFCY0hCc1pTQlNiMjkwSUVOQk1CNFhEVEUzTURVeE1ESXhNamN6TUZvWERUTXdNVEl6TVRBd01EQXdNRm93Y3pFdE1Dc0dBMVVFQXd3a1FYQndiR1VnYVZCb2IyNWxJRU5sY25ScFptbGpZWFJwYjI0Z1FYVjBhRzl5YVhSNU1TQXdIZ1lEVlFRTERCZERaWEowYVdacFkyRjBhVzl1SUVGMWRHaHZjbWwwZVRFVE1CRUdBMVVFQ2d3S1FYQndiR1VnU1c1akxqRUxNQWtHQTFVRUJoTUNWVk13Z2dFaU1BMEdDU3FHU0liM0RRRUJBUVVBQTRJQkR3QXdnZ0VLQW9JQkFRREpSV29CRHo2REJJYkgvTC9jWHZBZWdlNFhNSE5qSmk3ZVBYb2t6Wk0rVHpsSHVuVys4OERTOFZtaXF4LytDb1k4MlMyYUIvSU9hN2twa1JwZklncUw4WEpZQmE1TVMwVEZlYWVBUExDSTRJd01KNFJkR2VXSEdUYkw0OFYydDdEMFFYSlI5QVZjZzB1aWJhWlJ1UEVtMzN0ZXJXVU14cktZVVl5N2ZSdE13VTdJQ01mUzdXUUx0TjBialU5QWZSdVBTSmFTVy9QUW1IN1p2S1FaRHBsaHUwRmRBY3hiZDNwOUpORGMwMVAvdzl6RmxDeTJXazJPR0NNNXZkbkdVajdSOHZRbGlxRXFoLzNZREVZcFVmL3RGMnlKSld1SHY0cHBGSjkzbjhNVnQyaXppRVc5aE9ZR0FrRmtENjBxS0xnVnllQ3NwNHE2Y2dRMHNuaU0rTEtGQWdNQkFBR2pnZXd3Z2Vrd0R3WURWUjBUQVFIL0JBVXdBd0VCL3pBZkJnTlZIU01FR0RBV2dCUXIwR2xIbEhZSi92UnJqUzVBcHZkSFRYOElYakJFQmdnckJnRUZCUWNCQVFRNE1EWXdOQVlJS3dZQkJRVUhNQUdHS0doMGRIQTZMeTl2WTNOd0xtRndjR3hsTG1OdmJTOXZZM053TURNdFlYQndiR1Z5YjI5MFkyRXdMZ1lEVlIwZkJDY3dKVEFqb0NHZ0g0WWRhSFIwY0RvdkwyTnliQzVoY0hCc1pTNWpiMjB2Y205dmRDNWpjbXd3SFFZRFZSME9CQllFRkcveGxSaGlYT0RJOGNYdGJCako0Tk5rVXBnZ01BNEdBMVVkRHdFQi93UUVBd0lCQmpBUUJnb3Foa2lHOTJOa0JnSVNCQUlGQURBTkJna3Foa2lHOXcwQkFRc0ZBQU9DQVFFQU9zK3NtSTIra2lBaENhMlY4N0ZjSWZvMkxWY2dSSFJ6WkpJSXM1YXM5MjJYK2xzME9DZlBFa2JUUEJId0I4bVprTEhSNkJFSnBlT2xhMnhqQ0QrZUpmclZtWnhNNXVYT2pySk5hT3lMcTZPaVQ0b1JGVDdjRkNzY3hrUzJiMmZGVzArVktTMkhYRC9jZ3g1M1QrM2FWS2N0NXhPQndXUEVWQXNiU3dwcUtDSUkxRGVTZkg5bktGK3ZQVCszckZrZE9EUmtXdTR6U2hsQ1JDbkV5aGhyNGNGVExTMzBUY0lWOWpNeUdIanhKbStLVGV1VVRLUG8vdyt6QTR0bDJ1c3UyR1ZRbjl5Zml0OHhxSVJVM0ZKU1FkS3lFeDB4UmtlSVh6N3V3L0tNSXdTVjY2eUtQb0pzQnA4dTQ0dERtbUpiTkEzMG1jOHM3cnB5aGhranBmeU90VENDQkxzd2dnT2pvQU1DQVFJQ0FRSXdEUVlKS29aSWh2Y05BUUVGQlFBd1lqRUxNQWtHQTFVRUJoTUNWVk14RXpBUkJnTlZCQW9UQ2tGd2NHeGxJRWx1WXk0eEpqQWtCZ05WQkFzVEhVRndjR3hsSUVObGNuUnBabWxqWVhScGIyNGdRWFYwYUc5eWFYUjVNUll3RkFZRFZRUURFdzFCY0hCc1pTQlNiMjkwSUVOQk1CNFhEVEEyTURReU5USXhOREF6TmxvWERUTTFNREl3T1RJeE5EQXpObG93WWpFTE1Ba0dBMVVFQmhNQ1ZWTXhFekFSQmdOVkJBb1RDa0Z3Y0d4bElFbHVZeTR4SmpBa0JnTlZCQXNUSFVGd2NHeGxJRU5sY25ScFptbGpZWFJwYjI0Z1FYVjBhRzl5YVhSNU1SWXdGQVlEVlFRREV3MUJjSEJzWlNCU2IyOTBJRU5CTUlJQklqQU5CZ2txaGtpRzl3MEJBUUVGQUFPQ0FROEFNSUlCQ2dLQ0FRRUE1SkdwQ1IrUjJ4NUhVT3NGN1Y1NWhDM3JOcUpYVEZYc2l4bUozdmxMYlBVSHF5SXdBdWdZUHZoUUNkTi9RYWlZK2RIS1pwd2theEhRbzd2a0d5ckRINVdlZWd5a1I0dGIxQlkzTTh2RUQwM09GR25SeVJseTlWME8xWDlmbS9JbEE3cFZqMDFkRGZGa05TTVZTeFZaSGJPVTkvYWNuczlRdXNGWVVHZVBDTFFnOTh1c0xDQnZjTFkvQVRDTXQwUFBENTA5OHl0SktCckkvczYxdVE3Wlhoeld5ejIxT3EzMER3NEFrZ3V4SVJZdWROVThEZHRpRnF1amNaSkhVMVhCcnk5QnMvajc0M0RONXFOTVJYNGZUR3RRbGtHSnhIUmlDeENEUVljemlvR3hNRmpzV2dReWpHaXpqeDNlWlhQL1oxNWx2RW5ZZHA4ekZHV2hkNVRKTFFJREFRQUJvNElCZWpDQ0FYWXdEZ1lEVlIwUEFRSC9CQVFEQWdFR01BOEdBMVVkRXdFQi93UUZNQU1CQWY4d0hRWURWUjBPQkJZRUZDdlFhVWVVZGduKzlHdU5Ma0NtOTBkTmZ3aGVNQjhHQTFVZEl3UVlNQmFBRkN2UWFVZVVkZ24rOUd1TkxrQ205MGROZndoZU1JSUJFUVlEVlIwZ0JJSUJDRENDQVFRd2dnRUFCZ2txaGtpRzkyTmtCUUV3Z2ZJd0tnWUlLd1lCQlFVSEFnRVdIbWgwZEhCek9pOHZkM2QzTG1Gd2NHeGxMbU52YlM5aGNIQnNaV05oTHpDQnd3WUlLd1lCQlFVSEFnSXdnYllhZ2JOU1pXeHBZVzVqWlNCdmJpQjBhR2x6SUdObGNuUnBabWxqWVhSbElHSjVJR0Z1ZVNCd1lYSjBlU0JoYzNOMWJXVnpJR0ZqWTJWd2RHRnVZMlVnYjJZZ2RHaGxJSFJvWlc0Z1lYQndiR2xqWVdKc1pTQnpkR0Z1WkdGeVpDQjBaWEp0Y3lCaGJtUWdZMjl1WkdsMGFXOXVjeUJ2WmlCMWMyVXNJR05sY25ScFptbGpZWFJsSUhCdmJHbGplU0JoYm1RZ1kyVnlkR2xtYVdOaGRHbHZiaUJ3Y21GamRHbGpaU0J6ZEdGMFpXMWxiblJ6TGpBTkJna3Foa2lHOXcwQkFRVUZBQU9DQVFFQVhEYVpUQzE0dCsyTW05enpkNXZ5ZHRKM01FL0JINFdEaFJ1WlBVYzM4cW1iUUk0czFMR1FFdGkrOUhPYjd0SmtEOHQ1VHpUWW9qNzVlUDlyeUFmc2ZUbURpMU1nMHpqRXNiK2FUd3ByL3l2OFdhY0ZDWHdYUUZZUkhuVFR0NHNqTzBlajFXOGs0dXZSdDNEZkQwWGhKOHJ4YlhqdDU3VVhGNmpjZmlJMXlpWFYyUS9XYTlTaUpDTVI5NkdzajNPQllNWWJXd2t2a3JMNFJFandZRGllRmZVOUptY2dpak5xOXcyQ3o5N3JveS81VTJwYlpNQmpNM2YzT2djc1Z1dmFEeUVPMnJwekdVKzEyVFovd1lkVjJhZVp1VEpDKzlqVmNaNStvVkszRzcyVFFpUVNLc2NQSGJaTm5GNWp5RXVBRjFDcWl0WGE1UHpRQ1FjM3NIVjFJVEdDQW9Vd2dnS0JBZ0VCTUg4d2N6RXRNQ3NHQTFVRUF3d2tRWEJ3YkdVZ2FWQm9iMjVsSUVObGNuUnBabWxqWVhScGIyNGdRWFYwYUc5eWFYUjVNU0F3SGdZRFZRUUxEQmREWlhKMGFXWnBZMkYwYVc5dUlFRjFkR2h2Y21sMGVURVRNQkVHQTFVRUNnd0tRWEJ3YkdVZ1NXNWpMakVMTUFrR0ExVUVCaE1DVlZNQ0NEMVorRGZxMGRpZk1Ba0dCU3NPQXdJYUJRQ2dnZHd3R0FZSktvWklodmNOQVFrRE1Rc0dDU3FHU0liM0RRRUhBVEFjQmdrcWhraUc5dzBCQ1FVeER4Y05Nall3TVRFM01EQXhNREkwV2pBakJna3Foa2lHOXcwQkNRUXhGZ1FVZWFweDhKY0UvT1NHQW9kRGxTOWY5SGI1bjhJd0tRWUpLb1pJaHZjTkFRazBNUnd3R2pBSkJnVXJEZ01DR2dVQW9RMEdDU3FHU0liM0RRRUJBUVVBTUZJR0NTcUdTSWIzRFFFSkR6RkZNRU13Q2dZSUtvWklodmNOQXdjd0RnWUlLb1pJaHZjTkF3SUNBZ0NBTUEwR0NDcUdTSWIzRFFNQ0FnRkFNQWNHQlNzT0F3SUhNQTBHQ0NxR1NJYjNEUU1DQWdFb01BMEdDU3FHU0liM0RRRUJBUVVBQklJQkFLU3Jva2xEdFFWQ3lnOVhJbmtMUDNtUWc3Qlo1QW1KR0p2Y2NMT3J6di9VdUxjMVJNSkZ2WFl2YysvMnJJUWNTbURoSnFtQms3bUFoV2owSUJRQjlRNUExK0pLVit3cGZGNWxZK2ptaFdELytMbVdxakF2SG5WKytQWktBcTNRLzllTWU5L3NDdEhVNXZQWUVlOG5NOWd4VHJYYTJxRXdGbGw1LzNkdXVkRjVFWFNtaG5PNTBPd3RhbW1ob0hqN3VERWZtSFN0ajEvaEhKcXhHS2pwelRweDQydDczaDhtd0hhMG41NWszRnRWYXo4MFVDUkVTZzE3SlR3cStsMG1PTVNka09sR0hzNGk2ZmJRV2V6UEUvM2pFVXphdUJiU25XaC9kTElEVC85eWdXV0FRcEhvWDY4UDVZUnNsUDYvaXRWWXNpZmZENmIvaG1BamZzM0ZlRGM9IiwiZGlzdHJpYnV0aW9uQ2VydGlmaWNhdGUiOnsiZGF0YUJhc2U2NCI6Ik1JSUw3QUlCQXpDQ0M3SUdDU3FHU0liM0RRRUhBYUNDQzZNRWdndWZNSUlMbXpDQ0Jqc0dDU3FHU0liM0RRRUhBYUNDQml3RWdnWW9NSUlHSkRDQ0JpQUdDeXFHU0liM0RRRU1DZ0VEb0lJRjBUQ0NCYzBHQ2lxR1NJYjNEUUVKRmdHZ2dnVzlCSUlGdVRDQ0JiVXdnZ1Nkb0FNQ0FRSUNFR0FEVmhwaklPdTl5Yko4clhCYk9CRXdEUVlKS29aSWh2Y05BUUVMQlFBd2RURkVNRUlHQTFVRUF3dzdRWEJ3YkdVZ1YyOXliR1IzYVdSbElFUmxkbVZzYjNCbGNpQlNaV3hoZEdsdmJuTWdRMlZ5ZEdsbWFXTmhkR2x2YmlCQmRYUm9iM0pwZEhreEN6QUpCZ05WQkFzTUFrY3pNUk13RVFZRFZRUUtEQXBCY0hCc1pTQkpibU11TVFzd0NRWURWUVFHRXdKVlV6QWVGdzB5TlRBeU1EUXdNak14TXpaYUZ3MHlOakF5TURRd01qTXhNelZhTUlHUU1Sb3dHQVlLQ1pJbWlaUHlMR1FCQVF3S1NFTklOREk0T1RZMU5ERTRNRFlHQTFVRUF3d3ZhVkJvYjI1bElFUnBjM1J5YVdKMWRHbHZiam9nVWtGSFJWTlVRVlJGSUV4TVF5QW9TRU5JTkRJNE9UWTFOQ2t4RXpBUkJnTlZCQXNNQ2toRFNEUXlPRGsyTlRReEZqQVVCZ05WQkFvTURWSkJSMFZUVkVGVVJTQk1URU14Q3pBSkJnTlZCQVlUQWxWVE1JSUJJakFOQmdrcWhraUc5dzBCQVFFRkFBT0NBUThBTUlJQkNnS0NBUUVBdmxSa08yTjI2WkkrOWVxRHZJUUFjSzZJVnZnR3ZyVEpNaEV3SGl0d01KaWtPdHBvOVlPUXcxaTM2Sk1LRU5yUnhWMXlOSERHZndLdkJ3MlkxRldGRFBveXBvek1TaTVlMHRqVGZ5WnpteGtqMGJicDhoS2ZMb3dHeUpWcFpwQitlTVU5cTZVV3lTbVRjZVZWcUxYaDJaY09qVGxtL2dUbkFNbWlZc1NrVkR3MHU2RXVOcEp4d2p1ZnJJSmhoNy9BUTdKdjF6c01JMDN2cHA2WjF4aSt3YWMrRWNvNUl5dmFyQzVTR2JqMFRFZUZlVXpUU0JNY2Q2TlJtZW8reFkrNVZzVHJNSHE4aVV4RUx2V29Ib3ZJaTFxKzdFTU5uV3pyeGtiWkRXZTQ0MGlBd1oyczAwNEwyckVUWFRwK1RlaHhCMG45T01HbGFDdGNya2RPK1RTQ3lRSURBUUFCbzRJQ0l6Q0NBaDh3REFZRFZSMFRBUUgvQkFJd0FEQWZCZ05WSFNNRUdEQVdnQlFKL3NBVmtQbXZaQXFTRXJrbUtHTU1sK3luc2pCd0JnZ3JCZ0VGQlFjQkFRUmtNR0l3TFFZSUt3WUJCUVVITUFLR0lXaDBkSEE2THk5alpYSjBjeTVoY0hCc1pTNWpiMjB2ZDNka2NtY3pMbVJsY2pBeEJnZ3JCZ0VGQlFjd0FZWWxhSFIwY0RvdkwyOWpjM0F1WVhCd2JHVXVZMjl0TDI5amMzQXdNeTEzZDJSeVp6TXdNakNDQVI0R0ExVWRJQVNDQVJVd2dnRVJNSUlCRFFZSktvWklodmRqWkFVQk1JSC9NSUhEQmdnckJnRUZCUWNDQWpDQnRneUJzMUpsYkdsaGJtTmxJRzl1SUhSb2FYTWdZMlZ5ZEdsbWFXTmhkR1VnWW5rZ1lXNTVJSEJoY25SNUlHRnpjM1Z0WlhNZ1lXTmpaWEIwWVc1alpTQnZaaUIwYUdVZ2RHaGxiaUJoY0hCc2FXTmhZbXhsSUhOMFlXNWtZWEprSUhSbGNtMXpJR0Z1WkNCamIyNWthWFJwYjI1eklHOW1JSFZ6WlN3Z1kyVnlkR2xtYVdOaGRHVWdjRzlzYVdONUlHRnVaQ0JqWlhKMGFXWnBZMkYwYVc5dUlIQnlZV04wYVdObElITjBZWFJsYldWdWRITXVNRGNHQ0NzR0FRVUZCd0lCRml0b2RIUndjem92TDNkM2R5NWhjSEJzWlM1amIyMHZZMlZ5ZEdsbWFXTmhkR1ZoZFhSb2IzSnBkSGt2TUJZR0ExVWRKUUVCL3dRTU1Bb0dDQ3NHQVFVRkJ3TURNQjBHQTFVZERnUVdCQlRQZTJ3eFR6M0RUZDg0MVB0M3pkWmJMRWs5OERBT0JnTlZIUThCQWY4RUJBTUNCNEF3RXdZS0tvWklodmRqWkFZQkJBRUIvd1FDQlFBd0RRWUpLb1pJaHZjTkFRRUxCUUFEZ2dFQkFLT2lkNHhNQ0ZSMUVyaGZNMmM0b2g5bzkwVGpOTGlWNDdGN2RSd0V6VHBYa1ZVRngvK3RvcStIMk1JR3dSaHZjUWE2QkxLd1FSNTZHdmc3T055bW5xc2VCWko5Y2g5V1N6cHg3KzlaUnBlVy90V083VEhUNDM2eWIwMU5Bd1ZCNkRVMXB6OVp5eW90U2FOR2VWWWhDcmtsNjJIMjBFNkwvWXZGc1kvQitjajdVZjN3TGJkK09jQ0pMaVBrRFZ3VW9GQjJELzJ4dGkyd0MrNk1vNXk5Q0RabW1iaHQ3VHp0d3o1MWpOYzJ2OGNCaHRmZmVOcGYzMllVNG5QNWJKYm13TEJJMGUrSXZhaVJuSHJlclc5SUxyVyt2T1lQN1BqaEw1WWNsS3kxdHI0ZGplSW1QVnZ0SndhYjVjdVpuLzlQSDE5YUJTNGpkVE5JWmYwaHJVcjUvMlF4UERBakJna3Foa2lHOXcwQkNSVXhGZ1FVSjUwOW9KSlRJZVBlY3FMM2htdUczT0RwOVlZd0ZRWUpLb1pJaHZjTkFRa1VNUWdlQmdCckFHVUFlVENDQlZnR0NTcUdTSWIzRFFFSEFhQ0NCVWtFZ2dWRk1JSUZRVENDQlQwR0N5cUdTSWIzRFFFTUNnRUNvSUlFN2pDQ0JPb3dIQVlLS29aSWh2Y05BUXdCQXpBT0JBaTVjYzFQc3FPNDZBSUNDQUFFZ2dUSWF1SHRvSHQ2Zm5KVSsra3poS01KOTVqTEVVcnlIalZMT054QU9ySS92WnJxS2dLSk9va0pXT01GRUpvTnROTlVEYUhZRlBBdVRNSVRjUmQyTlMrVklBeUdRNXRPaGlqMFFnM1Z0aHFWQUtvQ01udmZxREJ4bXZKQXYzc2JiNUo2NEJsa1U1WnRueUhkbmRVbEhWMTFKZlRjVFlOTm11akdBdnZmVHFyZlQzM1dnT0RaWHUwYWExWnpGUXRFNDZTY0NWVVJXd1VKc3E1bkV5WmcwRzc5RFhVTHR1Qmd5ZFRaZzRBMmpVUDZTM3ZZdCtoZUkxaTlQa3duOTltSUozcHZOYjNOc1JOUEY1aUpWbUNHdVZmSGYxR0s4SlpjOFZDK2hUOW5KSG9UNEVxeEFXY1dSUFIzL3pqRTBhc1U3Nzc0RkFPYzB0azVJWGk0SXpsbG1ET2k1OTR0OTNMM2FTaFE3ZkIySVI4OU9NRThkMmhDMldpdXY3L0dubUpubnJRSVBUWFVUNW0yeUtYNUk3VXVta1VRZ3lzb0V5Vi9OUnNKOEJuTXdvS2tpNUVHbitMb2VTK0huRzJJZStVVFBzcUJwdXJNWjhQWVJYWkY0VWdRQkdGSGt5Y3pLMldvQVZOYWJQQkp0SlN0M0dCMndmRUpZeFZkV05UVVE0M00rbmhoaVpxTytMM1kxcHEyU1UzRHlEVGQvdlZ5L0xxQU5QclpJNjdFc3U1MmFMNmd0YXR1d0RBRDlOVkxxcnlrNUpLckRBZlFvbks3alc2K09CR3V3OHVndTY3d1l0cHAzaXprL3c5QlpFMlZUbkJJY0FQL3IxK254WHh4bzgrT1pjQlVhRWZSRTh4S2xhMkxsQ3IzckpESjd4cVlBRlRiMkZIVWRPbEZ6M3BVcjNGVi9tcWFnTUR3eTJUS0FwYncyVlZPZlJ2b2ZWSVRIYzgxUW8vdEx0OEt3SnNuZ3JSS2ZoNHhxRlhDNWJTbXBJK3VDWlJiOTE0YnB4S1kySUtRdUk4cUxrRlBsMFFuQ3gvNnovclluVnBuQnM4Nko0RlQ2VDdGbCtrcExscFE5MXUxMDUvcjU0NDdKcDZzMm5QWHJ6TjkxbWRieUNKd2tOcFU2Y2xIMTRHVWVRcEtTS1dKQzNWLzFhWFg2VXB0UkVpbW9mTEE3TFFLTGFWRk9hcWRmL1Q2V1RPZXZiYm9SSXlsN0NuVkh5d2p5N29NU3FQa3BrUXp0eERPYm1URFJqR1ZZdlJUQ1hkQXZoaUVLMnU0VENtRGhieHlURnV4ckNSMFN5MS9PQU5mb3p0NzhPdFFMOTErTTczbTNXdUJ2N2s1WnJoTnI4OVVkMHFsM1MwM296a0Q0a0kyMnVvU2VCVWlGZW9sMlB3SFE1WTd6QkVwY1djT1dqTUcvWjdHOVpBaldOaHc2WmJHYXo4SUVuaDlUMUU3TVk0aDNpeFFreHNCb1lSUFVIMFd2eWpqWk8wR1VmSTZOamRhYytRMjd3OHZWTkMrRklnNzNhU3dmcFpTNGFSRWh1ZHozRERFcmR4aXpPbDcwYWRuQkZRSjdNQWJDcWxpUzRMUVRFNVJ6R3JCMlRwRTlJMHZIOHdqOTNTckRrdlNDVUpiTFlDV01YdjgzWEg1NmdyVmtVSkNVeGlJZ3pnRXduY3g3aWZFNXpBZUpTZEk1Z2w1WDFSc3FHVWVybkl1eWR5eG9Mcm5YSlJTTVpnalpHZENMUTJHYVlsck9DZUZ1c0dOK2JRT1kwdDJadnhtdDBDZHNOVHZJQXN2c21MbUpGdmd4cDNabk1ST0syOXZvSHBlTG0vbkVyMXhKLzNWOE01ejVuakU3bmRLYXZ6Wk1LNk5HNlJWWWlXb3IvbldaWEZSVzN4eUN2RHNpQmxXOW5XcVpGb2I5cmJMblMrL2Z0eU15cFU1RTRCemlMR0E4MUNzbituaUJsdTdIY29xVVB1Z1RMUUVpSHM3djMvNjEyTCtSVHE2ZU9iR1RJVkF1emdQSzZpcUdabnpqSXA5R1NpRDZuMjZ6bWFDRzNvblRYTDlsQ0IxVElwQkdWSDJPWXlXbWNIQ2cwTDhkbktvcWswWXNjR1YxQ3Y5Y3VhWU1TUlJ6WXVLYU9BMUUzZjJBNzlrU2hvU3ZNRmxDUFhSZ2cyTDRSVzIyaUo0a3NRZU1Ud3dJd1lKS29aSWh2Y05BUWtWTVJZRUZDZWRQYUNTVXlIajNuS2k5NFpyaHR6ZzZmV0dNQlVHQ1NxR1NJYjNEUUVKRkRFSUhnWUFhd0JsQUhrd01UQWhNQWtHQlNzT0F3SWFCUUFFRk1xL0hxUHB3OFk0djc5Y3FYK01XcDJBTlB3dUJBajUvdVBTVk1uaW1nSUNDQUE9IiwicGFzc3dvcmQiOiI3YllGZDQ2VDE5Tjg2bk56aU9IV3F3PT0ifX19fSwidXBkYXRlcyI6eyJjaGFubmVsIjoiZGV2ZWxvcG1lbnQifSwiZGV2ZWxvcG1lbnRDbGllbnQiOnRydWUsInNjaGVtZSI6IlJBR0VTVEFURSIsInVzZXJuYW1lIjoidHlyZWxsZSIsInZlcnNpb24iOnsiYnVpbGROdW1iZXIiOiI0NyJ9LCJleHBlcmltZW50YWwiOnt9LCJtb2RlIjoiYnVpbGQiLCJ0cmlnZ2VyZWRCeSI6IkVBU19DTEkiLCJhcHBJZCI6IjBiNjIzY2NkLTg1MjktNDVjYi1iYzU0LWRkNzI2NWMyMmEyNiIsImluaXRpYXRpbmdVc2VySWQiOiJlMzQ5ZGYyZC1kNzg1LTRmYjItOTRiZS1lY2FiOTU4ODIzNzkifSwibWV0YWRhdGEiOnsidHJhY2tpbmdDb250ZXh0Ijp7InRyYWNraW5nX2lkIjoiN2E3NDFmZDgtMjZmMS00NDdiLWJmNzktNjdlOTYyMDlkN2Q5IiwicGxhdGZvcm0iOiJpb3MiLCJzZGtfdmVyc2lvbiI6IjU0LjAuMCIsImFjY291bnRfaWQiOiJhNjUzNGI5Zi00YTViLTQxYWQtYTA5OC1mMTNhZWJjNzdiYTIiLCJwcm9qZWN0X2lkIjoiMGI2MjNjY2QtODUyOS00NWNiLWJjNTQtZGQ3MjY1YzIyYTI2IiwicHJvamVjdF90eXBlIjoiZ2VuZXJpYyIsImRldl9jbGllbnQiOnRydWUsImRldl9jbGllbnRfdmVyc2lvbiI6IjYuMC4yMCIsIm5vX3dhaXQiOmZhbHNlLCJydW5fZnJvbV9jaSI6ZmFsc2UsImxvY2FsIjp0cnVlfSwiYXBwQnVpbGRWZXJzaW9uIjoiNDciLCJhcHBWZXJzaW9uIjoiMi40OC4wIiwiY2xpVmVyc2lvbiI6IjE1LjAuMTUiLCJ3b3JrZmxvdyI6ImdlbmVyaWMiLCJjcmVkZW50aWFsc1NvdXJjZSI6InJlbW90ZSIsInNka1ZlcnNpb24iOiI1NC4wLjAiLCJydW50aW1lVmVyc2lvbiI6IjIuNDguMCIsImZpbmdlcnByaW50SGFzaCI6IjE1YjIyM2RiMjM4OGJiMDUyMjMzYzFhMTQwYzA2ODhkZjQ0NWMyZmYiLCJmaW5nZXJwcmludFNvdXJjZSI6eyJ0eXBlIjoiUEFUSCIsInBhdGgiOiIvdmFyL2ZvbGRlcnMvN3QvMF9zM2d2ajExMWI0bmwzMXJ5aGN0ZjEwMDAwMGduL1QvZWFzLWNsaS1ub2RlanMvOTgyMzc5OWYtMTZhMS00NzQ2LThhMDYtM2QzMDcxODFmODU4LXJ1bnRpbWUtZmluZ2VycHJpbnQuanNvbiIsImlzRGVidWdGaW5nZXJwcmludCI6ZmFsc2V9LCJyZWFjdE5hdGl2ZVZlcnNpb24iOiIwLjgxLjUiLCJjaGFubmVsIjoiZGV2ZWxvcG1lbnQiLCJkaXN0cmlidXRpb24iOiJpbnRlcm5hbCIsImFwcE5hbWUiOiJSQUdFU1RBVEUiLCJhcHBJZGVudGlmaWVyIjoiY29tLnR5cmVsbGUucmFnZXN0YXRlYXBwIiwiYnVpbGRQcm9maWxlIjoiZGV2ZWxvcG1lbnQiLCJnaXRDb21taXRIYXNoIjoiZGRjZTI4MmQ5YmMzYzAwYzA2Mzg4MDE2NDY1NzAzYmMwNGMzMDc3NSIsImdpdENvbW1pdE1lc3NhZ2UiOiJjaG9yZTogcmVuYW1lIGlPUyBwcm9qZWN0IGZyb20gUmFnZVN0YXRlIHRvIFJBR0VTVEFURSIsImlzR2l0V29ya2luZ1RyZWVEaXJ0eSI6dHJ1ZSwidXNlcm5hbWUiOiJ0eXJlbGxlIiwicnVuV2l0aE5vV2FpdEZsYWciOmZhbHNlLCJydW5Gcm9tQ0kiOmZhbHNlLCJkZXZlbG9wbWVudENsaWVudCI6dHJ1ZSwicmVxdWlyZWRQYWNrYWdlTWFuYWdlciI6Im5wbSIsInNpbXVsYXRvciI6ZmFsc2V9fQ== exited with non-zero code: 1
    Error: build command failed.
